>> Blue Tea: 19 new / 19 ads
   [1/19] 1765194641330472  strength=0.8  candidate:Product as News Headline  fits=yes
   [2/19] 1034013236169068  strength=0.8  candidate:Hero Product with Floating Ingredients & Names  fits=yes
   [3/19] 886576117505225  strength=0.8  candidate:Scale Comparison: Many vs One Solution  fits=yes
   [4/19] 1066451636089921  strength=0.8  candidate:Hero Product with Raw Ingredient Piles  fits=yes
   [5/19] 1274877784676679  strength=0.8  candidate:Before-After User Transformation with Product  fits=conditional
   [6/19] 1053422730610583  strength=0.8  candidate:Confident User with Product & Brand Authority  fits=conditional
   [7/19] 1882790509365149  strength=0.8  candidate:Problem-Solution: Frustrated User with Thought Bubbles  fits=conditional
   [8/19] 1048192118008491  strength=0.8  candidate:Before-After User Transformation with Product  fits=conditional
   [9/19] 926409573859798  strength=0.9  candidate:Before-After User Transformation with Product  fits=no
   [10/19] 1599923635045220  strength=0.8  candidate:Before-After User Transformation with Product  fits=conditional
   [11/19] 1445338354123865  strength=0.8  candidate:Confident User with Product & Raw Ingredients  fits=conditional
   [12/19] 1085302817406858  strength=0.7  candidate:Confident User with Product & Floating Ingredients  fits=conditional
   [13/19] 1085312103871233  strength=0.8  candidate:Comforting Beverage with Seasonal Context & Benefit  fits=yes
   [14/19] 959343493094849  strength=0.8  candidate:Lifestyle Integration with Benefit Callouts  fits=yes
   [15/19] 3111395685865652  strength=0.8  candidate:Whatsapp Chat with Product Recommendation  fits=conditional
   [16/19] 1077512001334237  strength=0.8  candidate:Internal Problem Visualization with Solution  fits=conditional
   [17/19] 1470957031751458  strength=0.8  candidate:Hero Product with Raw Ingredient & Benefit Callouts  fits=yes
   [18/19] 1753553865685130  strength=0.8  candidate:Confident User with Product & Brand Authority  fits=conditional
   [19/19] 1065019766511185  strength=0.8  candidate:Internal Organ Damage Visualization with Solution  fits=conditional
>> Girnar: 7 new / 7 ads
