525 ads to version (of 527 total, 2 skipped)
  [1/525] 1946134790124613 (OZiva) -> ['FAIL', 'FAIL', 'FAIL']
  [2/525] 1593871362446549 (OZiva) -> ['NEEDS_EDIT', 'FAIL', 'FAIL']
  [3/525] 1077161571336810 (OZiva) -> ['FAIL', 'FAIL', 'PASS']
  [4/525] 1569941953994118 (OZiva) -> ['FAIL', 'FAIL', 'PASS']
  [5/525] 2066827220868179 (OZiva) -> ['FAIL', 'FAIL', 'FAIL']
  [6/525] 38081726888140410 (Plix Life) -> ['FAIL', 'FAIL', 'PASS']
  [7/525] 1107707145135607 (Plix Life) -> ['PASS', 'PASS', 'PASS']
  [8/525] 2173214136956922 (Plix Life) -> ['PASS', 'FAIL', 'FAIL']
  [9/525] 1432771518906472 (OZiva) -> ['PASS', 'PASS', 'PASS']
  [10/525] 1663338018686337 (OZiva) -> ['FAIL', 'PASS', 'PASS']
  [11/525] 1371702241289331 (OZiva) -> ['FAIL', 'FAIL', 'PASS']
  [12/525] 2108168746742772 (OZiva) -> ['FAIL', 'PASS', 'FAIL']
  [13/525] 1643590133853606 (OZiva) -> ['FAIL', 'PASS', 'FAIL']
  [14/525] 2160958984478508 (OZiva) -> ['FAIL', 'FAIL', 'FAIL']
  [15/525] 3247047092157543 (Kapiva) -> ['FAIL', 'FAIL', 'FAIL']
  [16/525] 1091036666651913 (OZiva) -> ['FAIL', 'PASS', 'FAIL']
  [17/525] 1770549207403185 (OZiva) -> ['NEEDS_EDIT', 'FAIL', 'PASS']
  [18/525] 1786102629098016 (OZiva) -> ['PASS', 'PASS', 'FAIL']
  [19/525] 1060195093287396 (OZiva) -> ['PASS', 'FAIL', 'FAIL']
  [20/525] 1135544759149424 (OZiva) -> ['PASS', 'FAIL', 'PASS']
    -- flushed 20 to Supabase --
  [21/525] 1936189430673424 (OZiva) -> ['PASS', 'FAIL', 'PASS']
  [22/525] 1591907199332112 (OZiva) -> ['PASS', 'PASS', 'PASS']
  [23/525] 960635970415443 (OZiva) -> ['FAIL', 'PASS', 'FAIL']
  [24/525] 1575895397223751 (OZiva) -> ['PASS', 'PASS', 'PASS']
  [25/525] 1067141359399452 (Kapiva) -> ['PASS', 'PASS', 'PASS']
  [26/525] 38005096659136409 (OZiva) -> ['FAIL', 'FAIL', 'PASS']
  [27/525] 2354186688732662 (Plix Life) -> ['FAIL', 'PASS', 'FAIL']
  [28/525] 1260676889446407 (OZiva) -> ['FAIL', 'PASS', 'PASS']
  [29/525] 885689467745820 (OZiva) -> ['FAIL', 'FAIL', 'PASS']
  [30/525] 27718964201035289 (Life) -> ['PASS', 'PASS', 'PASS']
  [31/525] 1149662480396458 (Life) -> ['PASS', 'PASS', 'FAIL']
  [32/525] 728073440234062 (Life) -> ['PASS', 'PASS', 'PASS']
  [33/525] 1612255063574608 (Kapiva) -> ['PASS', 'PASS', 'PASS']
  [34/525] 902582362535484 (Life) -> ['FAIL', 'PASS', 'PASS']
  [35/525] 776770548274577 (Life) -> ['PASS', 'FAIL', 'PASS']
  [36/525] 730599729979042 (Life) -> ['PASS', 'FAIL', 'PASS']
  [37/525] 2139161236997810 (Life) -> ['PASS', 'PASS', 'FAIL']
  [38/525] 1393425795570799 (Kapiva) -> ['PASS', 'PASS', 'PASS']
  [39/525] 1312240689801586 (Life) -> ['PASS', 'PASS', 'PASS']
  [40/525] 1048288874506778 (Life) -> ['PASS', 'FAIL', 'FAIL']
    -- flushed 20 to Supabase --
  [41/525] 1063926362886753 (Life) -> ['PASS', 'PASS', 'FAIL']
  [42/525] 1010048038725439 (Life) -> ['PASS', 'PASS', 'FAIL']
  [43/525] 1053186050799347 (Saffola) -> ['PASS', 'PASS', 'PASS']
  [44/525] 2880222689000105 (Life) -> ['PASS', 'FAIL', 'PASS']
  [45/525] 1484891406314950 (Life) -> ['PASS', 'PASS', 'PASS']
  [46/525] 1571440328114253 (andme) -> ['PASS', 'FAIL', 'FAIL']
  [47/525] 1092015616672487 (Life) -> ['PASS', 'FAIL', 'FAIL']
  [48/525] 2028558394456386 (Life) -> ['PASS', 'PASS', 'PASS']
  [49/525] 2535206490225114 (Life) -> ['PASS', 'PASS', 'FAIL']
  [50/525] 1112997611307443 (Life) -> ['FAIL', 'PASS', 'FAIL']
  [51/525] 1598350638491931 (Life) -> ['PASS', 'PASS', 'PASS']
  [52/525] 1390052869206712 (Life) -> ['PASS', 'PASS', 'PASS']
  [53/525] 956454840050475 (Life) -> ['PASS', 'FAIL', 'PASS']
  [54/525] 2149748066423446 (Life) -> ['FAIL', 'FAIL', 'PASS']
  [55/525] 1795805908246151 (Saffola) -> ['PASS', 'FAIL', 'PASS']
  [56/525] 1566200818846068 (Matters) -> ['PASS', 'FAIL', 'PASS']
  [57/525] 959491743133434 (Traya) -> ['FAIL', 'FAIL', 'FAIL']
  [58/525] 807398878815347 (Kapiva) -> ['NEEDS_EDIT', 'FAIL', 'FAIL']
  [59/525] 953799801084382 (Zandu) -> ['NEEDS_EDIT', 'PASS', 'FAIL']
  [60/525] 1035260739503553 (Jiva Ayurveda) -> ['FAIL', 'FAIL', 'FAIL']
    -- flushed 20 to Supabase --
  [61/525] 1546556303333089 (Zandu) -> ['FAIL', 'FAIL', 'PASS']
  [62/525] 2001134447258529 (Matters) -> ['FAIL', 'FAIL', 'FAIL']
  [63/525] 1573250074297088 (Matters) -> ['FAIL', 'PASS', 'FAIL']
  [64/525] 1667622441179507 (Matters) -> ['FAIL', 'FAIL', 'FAIL']
  [65/525] 1015860777602571 (Girnar) -> ['FAIL', 'FAIL', 'FAIL']
  [66/525] 1447695884085194 (Himalaya Wellness) -> ['PASS', 'PASS', 'FAIL']
  [67/525] 831619143330876 (Saffola) -> ['PASS', 'PASS', 'PASS']
  [68/525] 1059209686478709 (Saffola) -> ['PASS', 'PASS', 'PASS']
  [69/525] 2463164420872258 (Saffola) -> ['PASS', 'PASS', 'PASS']
  [70/525] 1031860479836912 (Saffola) -> ['PASS', 'PASS', 'PASS']
  [71/525] 1806014664156450 (Himalaya Wellness) -> ['FAIL', 'FAIL', 'FAIL']
  [72/525] 1402344785335222 (Himalaya Wellness) -> ['PASS', 'FAIL', 'PASS']
  [73/525] 2437935476716506 (Saffola) -> ['PASS', 'PASS', 'PASS']
  [74/525] 1054551450503639 (Saffola) -> ['PASS', 'PASS', 'PASS']
  [75/525] 1787739992380890 (Saffola) -> ['PASS', 'PASS', 'PASS']
  [76/525] 1760036241783382 (Jiva Ayurveda) -> ['FAIL', 'FAIL', 'FAIL']
  [77/525] 29056349297301365 (Jiva Ayurveda) -> ['NEEDS_EDIT', 'FAIL', 'FAIL']
  [78/525] 1053422730610583 (Blue Tea) -> ['PASS', 'FAIL', 'FAIL']
  [79/525] 1405175151533701 (Jiva Ayurveda) -> ['NEEDS_EDIT', 'PASS', 'PASS']
  [80/525] 3017701808418521 (Vahdam) -> ['PASS', 'PASS', 'PASS']
    -- flushed 20 to Supabase --
  [81/525] 912382158123292 (Vahdam) -> ['FAIL', 'FAIL', 'FAIL']
  [82/525] 2516307262170449 (Vahdam) -> ['NEEDS_EDIT', 'FAIL', 'FAIL']
  [83/525] 1589437622649822 (OZiva) -> ['FAIL', 'PASS', 'FAIL']
  [84/525] 1063750449951545 (OZiva) -> ['FAIL', 'FAIL', 'NEEDS_EDIT']
  [85/525] 1766956560978188 (Jiva Ayurveda) -> ['NEEDS_EDIT', 'FAIL', 'PASS']
  [86/525] 1589128492619890 (Jiva Ayurveda) -> ['PASS', 'FAIL', 'PASS']
  [87/525] 1990263628215523 (Jiva Ayurveda) -> ['PASS', 'PASS', 'FAIL']
  [88/525] 1066494789708307 (Jiva Ayurveda) -> ['FAIL', 'FAIL', 'FAIL']
  [89/525] 1945532669436490 (Kapiva) -> ['PASS', 'FAIL', 'PASS']
  [90/525] 946008901856865 (Zandu) -> ['NEEDS_EDIT', 'FAIL', 'PASS']
  [91/525] 1381293000051692 (Zandu) -> ['PASS', 'FAIL', 'PASS']
  [92/525] 1373665448223117 (Jiva Ayurveda) -> ['FAIL', 'FAIL', 'FAIL']
  [93/525] 2136405794426522 (Zandu) -> ['NEEDS_EDIT', 'PASS', 'FAIL']
  [94/525] 2586804331771144 (wellbeingnutrition) -> ['PASS', 'PASS', 'PASS']
  [95/525] 1389765254212310 (wellbeingnutrition) -> ['NEEDS_EDIT', 'FAIL', 'FAIL']
  [96/525] 1760547274988675 (wellbeingnutrition) -> ['PASS', 'FAIL', 'FAIL']
  [97/525] 1049133567898543 (wellbeingnutrition) -> ['PASS', 'PASS', 'FAIL']
  [98/525] 1799602354790569 (wellbeingnutrition) -> ['NEEDS_EDIT', 'PASS', 'FAIL']
  [99/525] 1739717237359060 (wellbeingnutrition) -> ['PASS', 'PASS', 'PASS']
  [100/525] 1395312572808163 (wellbeingnutrition) -> ['PASS', 'PASS', 'FAIL']
    -- flushed 20 to Supabase --
  [101/525] 1109798028398723 (wellbeingnutrition) -> ['FAIL', 'FAIL', 'PASS']
  [102/525] 1942684669736536 (wellbeingnutrition) -> ['PASS', 'PASS', 'FAIL']
  [103/525] 1068956658845958 (wellbeingnutrition) -> ['PASS', 'FAIL', 'PASS']
  [104/525] 1436225388401160 (wellbeingnutrition) -> ['PASS', 'FAIL', 'PASS']
  [105/525] 1396111882492873 (wellbeingnutrition) -> ['PASS', 'PASS', 'PASS']
  [106/525] 1406240281603705 (wellbeingnutrition) -> ['PASS', 'PASS', 'FAIL']
  [107/525] 1758569978688815 (wellbeingnutrition) -> ['PASS', 'PASS', 'PASS']
  [108/525] 3203602446505438 (wellbeingnutrition) -> ['PASS', 'PASS', 'FAIL']
  [109/525] 1116680967364258 (wellbeingnutrition) -> ['NEEDS_EDIT', 'PASS', 'FAIL']
  [110/525] 1389963079283865 (wellbeingnutrition) -> ['PASS', 'PASS', 'PASS']
  [111/525] 4064415283694355 (wellbeingnutrition) -> ['PASS', 'PASS', 'FAIL']
  [112/525] 1076903881985886 (wellbeingnutrition) -> ['PASS', 'PASS', 'PASS']
  [113/525] 2002715640447746 (wellbeingnutrition) -> ['PASS', 'PASS', 'FAIL']
  [114/525] 4165724873717447 (wellbeingnutrition) -> ['FAIL', 'PASS', 'PASS']
  [115/525] 1078126617931400 (wellbeingnutrition) -> ['PASS', 'PASS', 'FAIL']
  [116/525] 1383807546711724 (wellbeingnutrition) -> ['FAIL', 'FAIL', 'PASS']
  [117/525] 1399731918799719 (wellbeingnutrition) -> ['PASS', 'PASS', 'PASS']
  [118/525] 1350057940446360 (wellbeingnutrition) -> ['FAIL', 'FAIL', 'PASS']
  [119/525] 2289205838483090 (wellbeingnutrition) -> ['FAIL', 'PASS', 'FAIL']
  [120/525] 1406336184985911 (wellbeingnutrition) -> ['NEEDS_EDIT', 'PASS', 'FAIL']
    -- flushed 20 to Supabase --
  [121/525] 1702261704189679 (wellbeingnutrition) -> ['PASS', 'PASS', 'PASS']
  [122/525] 2855786578131301 (wellbeingnutrition) -> ['NEEDS_EDIT', 'PASS', 'PASS']
  [123/525] 4160390234104537 (wellbeingnutrition) -> ['PASS', 'FAIL', 'FAIL']
  [124/525] 2085439429032354 (wellbeingnutrition) -> ['PASS', 'FAIL', 'PASS']
  [125/525] 1400778148856481 (wellbeingnutrition) -> ['PASS', 'PASS', 'PASS']
  [126/525] 3633561970153326 (wellbeingnutrition) -> ['NEEDS_EDIT', 'FAIL', 'PASS']
  [127/525] 3350082495163707 (wellbeingnutrition) -> ['FAIL', 'PASS', 'PASS']
  [128/525] 1318184786911560 (wellbeingnutrition) -> ['PASS', 'FAIL', 'FAIL']
  [129/525] 850754688031661 (wellbeingnutrition) -> ['PASS', 'PASS', 'PASS']
  [130/525] 1331476112171356 (wellbeingnutrition) -> ['PASS', 'PASS', 'PASS']
  [131/525] 2640943946365370 (wellbeingnutrition) -> ['PASS', 'PASS', 'PASS']
  [132/525] 1114904741182820 (wellbeingnutrition) -> ['FAIL', 'FAIL', 'PASS']
  [133/525] 4637535066572275 (wellbeingnutrition) -> ['PASS', 'PASS', 'PASS']
  [134/525] 862261326970309 (wellbeingnutrition) -> ['FAIL', 'FAIL', 'FAIL']
  [135/525] 1048044071380604 (wellbeingnutrition) -> ['FAIL', 'PASS', 'FAIL']
  [136/525] 2116075968979741 (wellbeingnutrition) -> ['FAIL', 'FAIL', 'PASS']
  [137/525] 1061517066583127 (wellbeingnutrition) -> ['FAIL', 'PASS', 'FAIL']
  [138/525] 2239199270393290 (wellbeingnutrition) -> ['PASS', 'FAIL', 'FAIL']
  [139/525] 1572914081199246 (wellbeingnutrition) -> ['PASS', 'PASS', 'PASS']
  [140/525] 1765879507888793 (wellbeingnutrition) -> ['PASS', 'PASS', 'PASS']
    -- flushed 20 to Supabase --
  [141/525] 2172509916956713 (wellbeingnutrition) -> ['PASS', 'PASS', 'PASS']
  [142/525] 1104797502073729 (wellbeingnutrition) -> ['PASS', 'FAIL', 'PASS']
  [143/525] 1345530767362582 (wellbeingnutrition) -> ['FAIL', 'FAIL', 'FAIL']
  [144/525] 1964140890926448 (wellbeingnutrition) -> ['FAIL', 'PASS', 'PASS']
  [145/525] 1517533643467286 (wellbeingnutrition) -> ['PASS', 'FAIL', 'FAIL']
  [146/525] 1743482863593621 (wellbeingnutrition) -> ['PASS', 'FAIL', 'PASS']
  [147/525] 1029904789860082 (wellbeingnutrition) -> ['PASS', 'FAIL', 'PASS']
  [148/525] 2336447240426328 (wellbeingnutrition) -> ['PASS', 'PASS', 'PASS']
  [149/525] 1384903057188549 (wellbeingnutrition) -> ['PASS', 'PASS', 'PASS']
  [150/525] 1088528783673883 (wellbeingnutrition) -> ['PASS', 'PASS', 'PASS']
  [151/525] 1059612646674156 (wellbeingnutrition) -> ['FAIL', 'PASS', 'PASS']
  [152/525] 955519110900820 (wellbeingnutrition) -> ['PASS', 'FAIL', 'PASS']
  [153/525] 1621599192737988 (wellbeingnutrition) -> ['PASS', 'PASS', 'PASS']
  [154/525] 1109832148081982 (wellbeingnutrition) -> ['PASS', 'FAIL', 'PASS']
  [155/525] 2463420710735638 (wellbeingnutrition) -> ['NEEDS_EDIT', 'PASS', 'PASS']
  [156/525] 1582709350189747 (wellbeingnutrition) -> ['PASS', 'FAIL', 'FAIL']
  [157/525] 1069758292367463 (wellbeingnutrition) -> ['FAIL', 'FAIL', 'FAIL']
  [158/525] 2141634066440039 (wellbeingnutrition) -> ['PASS', 'PASS', 'FAIL']
  [159/525] 1579452923848148 (wellbeingnutrition) -> ['FAIL', 'FAIL', 'PASS']
  [160/525] 1620185886478715 (wellbeingnutrition) -> ['FAIL', 'FAIL', 'PASS']
    -- flushed 20 to Supabase --
  [161/525] 1072565522170827 (wellbeingnutrition) -> ['PASS', 'PASS', 'FAIL']
  [162/525] 1622405029493814 (wellbeingnutrition) -> ['PASS', 'FAIL', 'FAIL']
  [163/525] 1055207210686030 (wellbeingnutrition) -> ['FAIL', 'PASS', 'PASS']
  [164/525] 1081474761522116 (wellbeingnutrition) -> ['NEEDS_EDIT', 'PASS', 'FAIL']
  [165/525] 1764325008047282 (wellbeingnutrition) -> ['FAIL', 'FAIL', 'PASS']
  [166/525] 1098402756475017 (wellbeingnutrition) -> ['PASS', 'FAIL', 'PASS']
  [167/525] 2147817689475678 (wellbeingnutrition) -> ['PASS', 'PASS', 'PASS']
  [168/525] 1908799943432931 (wellbeingnutrition) -> ['NEEDS_EDIT', 'PASS', 'PASS']
  [169/525] 1366350712322595 (wellbeingnutrition) -> ['NEEDS_EDIT', 'PASS', 'PASS']
  [170/525] 3465085796984280 (wellbeingnutrition) -> ['FAIL', 'FAIL', 'PASS']
  [171/525] 1993546231349100 (wellbeingnutrition) -> ['PASS', 'PASS', 'PASS']
  [172/525] 1120801943948157 (wellbeingnutrition) -> ['PASS', 'FAIL', 'PASS']
  [173/525] 1418942830146713 (wellbeingnutrition) -> ['PASS', 'FAIL', 'PASS']
  [174/525] 4630968290467104 (wellbeingnutrition) -> ['NEEDS_EDIT', 'FAIL', 'FAIL']
  [175/525] 1597330731799482 (wellbeingnutrition) -> ['PASS', 'FAIL', 'PASS']
  [176/525] 1699761707753588 (wellbeingnutrition) -> ['PASS', 'PASS', 'PASS']
  [177/525] 1112449471301029 (wellbeingnutrition) -> ['FAIL', 'FAIL', 'FAIL']
  [178/525] 1086621620439048 (wellbeingnutrition) -> ['PASS', 'PASS', 'PASS']
  [179/525] 937918882086582 (wellbeingnutrition) -> ['PASS', 'FAIL', 'FAIL']
  [180/525] 1086049927404873 (wellbeingnutrition) -> ['FAIL', 'FAIL', 'PASS']
    -- flushed 20 to Supabase --
  [181/525] 1386970443597645 (wellbeingnutrition) -> ['FAIL', 'PASS', 'FAIL']
  [182/525] 4541210302816051 (wellbeingnutrition) -> ['FAIL', 'PASS', 'PASS']
  [183/525] 1084907640690832 (wellbeingnutrition) -> ['PASS', 'FAIL', 'FAIL']
  [184/525] 1622782232562837 (wellbeingnutrition) -> ['PASS', 'PASS', 'PASS']
  [185/525] 1078729958232125 (wellbeingnutrition) -> ['PASS', 'PASS', 'PASS']
  [186/525] 1465286718763152 (wellbeingnutrition) -> ['PASS', 'PASS', 'PASS']
  [187/525] 1128440422941431 (wellbeingnutrition) -> ['PASS', 'FAIL', 'FAIL']
  [188/525] 1058437836991953 (wellbeingnutrition) -> ['PASS', 'PASS', 'FAIL']
  [189/525] 1802174624478940 (wellbeingnutrition) -> ['PASS', 'PASS', 'PASS']
  [190/525] 1383401476670667 (wellbeingnutrition) -> ['PASS', 'FAIL', 'FAIL']
  [191/525] 1831872418224753 (wellbeingnutrition) -> ['FAIL', 'FAIL', 'PASS']
  [192/525] 1062533566384365 (wellbeingnutrition) -> ['NEEDS_EDIT', 'PASS', 'PASS']
  [193/525] 2583876885362330 (Jiva Ayurveda) -> ['PASS', 'FAIL', 'FAIL']
  [194/525] 3134519580080601 (Jiva Ayurveda) -> ['FAIL', 'NEEDS_EDIT', 'PASS']
  [195/525] 1252351660301399 (Jiva Ayurveda) -> ['NEEDS_EDIT', 'PASS', 'FAIL']
  [196/525] 2048370705802861 (Jiva Ayurveda) -> ['PASS', 'FAIL', 'FAIL']
  [197/525] 1373226298304755 (Jiva Ayurveda) -> ['FAIL', 'PASS', 'PASS']
  [198/525] 1625686055838670 (Jiva Ayurveda) -> ['FAIL', 'FAIL', 'PASS']
  [199/525] 1043649115231134 (Jiva Ayurveda) -> ['FAIL', 'FAIL', 'FAIL']
  [200/525] 1775575936818172 (Jiva Ayurveda) -> ['FAIL', 'FAIL', 'PASS']
    -- flushed 20 to Supabase --
  [201/525] 1403461755044859 (Jiva Ayurveda) -> ['FAIL', 'FAIL', 'FAIL']
  [202/525] 1933055187652304 (Jiva Ayurveda) -> ['PASS', 'FAIL', 'FAIL']
  [203/525] 1788981209185889 (Jiva Ayurveda) -> ['FAIL', 'FAIL', 'PASS']
  [204/525] 1487240336752621 (Jiva Ayurveda) -> ['PASS', 'FAIL', 'PASS']
  [205/525] 1735290267593973 (Jiva Ayurveda) -> ['PASS', 'PASS', 'PASS']
  [206/525] 1052047367854456 (Jiva Ayurveda) -> ['FAIL', 'FAIL', 'FAIL']
  [207/525] 1538838940726316 (Jiva Ayurveda) -> ['NEEDS_EDIT', 'FAIL', 'PASS']
  [208/525] 413577233688084 (Zandu) -> ['PASS', 'PASS', 'PASS']
  [209/525] 806011613495552 (Zandu) -> ['PASS', 'PASS', 'FAIL']
  [210/525] 2587371308360598 (Himalaya Wellness) -> ['PASS', 'FAIL', 'PASS']
  [211/525] 1070038582070329 (Himalaya Wellness) -> ['PASS', 'FAIL', 'PASS']
  [212/525] 3625564614258155 (Himalaya Wellness) -> ['PASS', 'FAIL', 'PASS']
  [213/525] 1481305689964357 (Himalaya Wellness) -> ['PASS', 'FAIL', 'FAIL']
  [214/525] 28484607014497542 (Himalaya Wellness) -> ['FAIL', 'PASS', 'PASS']
  [215/525] 1726213541943064 (Himalaya Wellness) -> ['FAIL', 'PASS', 'PASS']
  [216/525] 1043732554963474 (Himalaya Wellness) -> ['PASS', 'FAIL', 'FAIL']
  [217/525] 1083297420839959 (Himalaya Wellness) -> ['PASS', 'PASS', 'FAIL']
  [218/525] 1036731829387490 (Himalaya Wellness) -> ['PASS', 'PASS', 'FAIL']
  [219/525] 2922020868134725 (Himalaya Wellness) -> ['PASS', 'FAIL', 'FAIL']
  [220/525] 1257920503106484 (Himalaya Wellness) -> ['FAIL', 'PASS', 'PASS']
    -- flushed 20 to Supabase --
  [221/525] 1605936247638624 (Himalaya Wellness) -> ['PASS', 'PASS', 'PASS']
  [222/525] 1097822292802621 (Himalaya Wellness) -> ['FAIL', 'PASS', 'FAIL']
  [223/525] 1753959059086110 (Himalaya Wellness) -> ['PASS', 'FAIL', 'FAIL']
  [224/525] 2684372025281616 (Kapiva) -> ['PASS', 'FAIL', 'FAIL']
  [225/525] 960641683516156 (Kapiva) -> ['FAIL', 'FAIL', 'PASS']
  [226/525] 27063142253374873 (Kapiva) -> ['PASS', 'PASS', 'FAIL']
  [227/525] 972006268918337 (Kapiva) -> ['FAIL', 'FAIL', 'FAIL']
  [228/525] 1535550454850554 (Kapiva) -> ['PASS', 'FAIL', 'PASS']
  [229/525] 1078212861269885 (Kapiva) -> ['FAIL', 'PASS', 'FAIL']
  [230/525] 2480534222413193 (Kapiva) -> ['PASS', 'FAIL', 'FAIL']
  [231/525] 2580771995761011 (Kapiva) -> ['PASS', 'FAIL', 'PASS']
  [232/525] 1787010105628276 (Kapiva) -> ['FAIL', 'FAIL', 'FAIL']
  [233/525] 1383385397193712 (Zandu) -> ['NEEDS_EDIT', 'FAIL', 'PASS']
  [234/525] 2105728930357882 (Zandu) -> ['PASS', 'FAIL', 'FAIL']
  [235/525] 1557382579472149 (Zandu) -> ['PASS', 'FAIL', 'PASS']
  [236/525] 1032616439617144 (Zandu) -> ['PASS', 'PASS', 'FAIL']
  [237/525] 28591224133814647 (Zandu) -> ['FAIL', 'FAIL', 'PASS']
  [238/525] 1523753826222570 (Organic India) -> ['PASS', 'PASS', 'FAIL']
  [239/525] 2113662226695777 (Organic India) -> ['PASS', 'PASS', 'PASS']
  [240/525] 1628431242313349 (Organic India) -> ['PASS', 'PASS', 'PASS']
    -- flushed 20 to Supabase --
  [241/525] 1376673317771369 (Organic India) -> ['FAIL', 'FAIL', 'PASS']
  [242/525] 1868174874154442 (Zandu) -> ['PASS', 'PASS', 'PASS']
  [243/525] 1753553865685130 (Blue Tea) -> ['FAIL', 'FAIL', 'PASS']
  [244/525] 2141754463363447 (Organic India) -> ['PASS', 'PASS', 'FAIL']
  [245/525] 1718379266102929 (Organic India) -> ['PASS', 'FAIL', 'FAIL']
  [246/525] 1612923433712255 (Organic India) -> ['PASS', 'PASS', 'PASS']
  [247/525] 1088146627296923 (Vahdam) -> ['NEEDS_EDIT', 'PASS', 'FAIL']
  [248/525] 1439680554652645 (Vahdam) -> ['NEEDS_EDIT', 'FAIL', 'FAIL']
  [249/525] 1582162079981812 (Vahdam) -> ['NEEDS_EDIT', 'FAIL', 'FAIL']
  [250/525] 1043883965156786 (Vahdam) -> ['PASS', 'PASS', 'PASS']
  [251/525] 1095827973098324 (Vahdam) -> ['FAIL', 'FAIL', 'FAIL']
  [252/525] 3994613430840494 (Vahdam) -> ['PASS', 'FAIL', 'FAIL']
  [253/525] 1842135373444408 (Kapiva) -> ['PASS', 'FAIL', 'PASS']
  [254/525] 908708965227586 (Vahdam) -> ['PASS', 'PASS', 'PASS']
  [255/525] 2104410746779174 (Vahdam) -> ['PASS', 'FAIL', 'PASS']
  [256/525] 866171363246797 (Vahdam) -> ['PASS', 'FAIL', 'FAIL']
  [257/525] 4477870119154858 (Vahdam) -> ['FAIL', 'FAIL', 'FAIL']
  [258/525] 1684415423684868 (Vahdam) -> ['PASS', 'NEEDS_EDIT', 'FAIL']
  [259/525] 2221694615352590 (Vahdam) -> ['FAIL', 'FAIL', 'FAIL']
  [260/525] 2994456694249761 (Vahdam) -> ['PASS', 'FAIL', 'PASS']
    -- flushed 20 to Supabase --
  [261/525] 1711779966565651 (Vahdam) -> ['NEEDS_EDIT', 'PASS', 'FAIL']
  [262/525] 1882266839405147 (Vahdam) -> ['NEEDS_EDIT', 'NEEDS_EDIT', 'PASS']
  [263/525] 1599121321869754 (Vahdam) -> ['PASS', 'PASS', 'PASS']
  [264/525] 1098603219259585 (Vahdam) -> ['PASS', 'PASS', 'FAIL']
  [265/525] 1749066732996250 (Vahdam) -> ['PASS', 'FAIL', 'PASS']
  [266/525] 1098019779544690 (Vahdam) -> ['PASS', 'PASS', 'FAIL']
  [267/525] 3538016806360992 (wellbeingnutrition) -> ['PASS', 'FAIL', 'PASS']
  [268/525] 1742843630259732 (Vahdam) -> ['PASS', 'PASS', 'FAIL']
  [269/525] 851955644578984 (Vahdam) -> ['NEEDS_EDIT', 'PASS', 'PASS']
  [270/525] 3145012162368642 (wellbeingnutrition) -> ['PASS', 'NEEDS_EDIT', 'PASS']
  [271/525] 1621840282847423 (wellbeingnutrition) -> ['PASS', 'PASS', 'PASS']
  [272/525] 1702700877495008 (wellbeingnutrition) -> ['PASS', 'PASS', 'PASS']
  [273/525] 1078563351485515 (wellbeingnutrition) -> ['PASS', 'PASS', 'PASS']
  [274/525] 953286037109611 (wellbeingnutrition) -> ['FAIL', 'FAIL', 'FAIL']
  [275/525] 2118944859022007 (wellbeingnutrition) -> ['PASS', 'FAIL', 'FAIL']
  [276/525] 1423368292974453 (Zandu) -> ['NEEDS_EDIT', 'FAIL', 'FAIL']
  [277/525] 1773442323692328 (Zandu) -> ['PASS', 'FAIL', 'FAIL']
  [278/525] 1593031249027368 (Zandu) -> ['FAIL', 'FAIL', 'FAIL']
  [279/525] 852195657882510 (Zandu) -> ['PASS', 'FAIL', 'FAIL']
  [280/525] 26136209129410134 (Zandu) -> ['FAIL', 'PASS', 'PASS']
    -- flushed 20 to Supabase --
  [281/525] 1592726488926590 (Vahdam) -> ['FAIL', 'PASS', 'PASS']
  [282/525] 1656286092726398 (Vahdam) -> ['NEEDS_EDIT', 'FAIL', 'PASS']
  [283/525] 1107330211732109 (OZiva) -> ['PASS', 'PASS', 'PASS']
  [284/525] 1162711976532908 (wellbeingnutrition) -> ['PASS', 'PASS', 'PASS']
  [285/525] 2121243088468373 (wellbeingnutrition) -> ['FAIL', 'FAIL', 'PASS']
  [286/525] 1382444744001268 (wellbeingnutrition) -> ['FAIL', 'PASS', 'PASS']
  [287/525] 1076378888138895 (wellbeingnutrition) -> ['PASS', 'PASS', 'FAIL']
  [288/525] 2353992435338263 (wellbeingnutrition) -> ['NEEDS_EDIT', 'FAIL', 'FAIL']
  [289/525] 1660336849000422 (wellbeingnutrition) -> ['PASS', 'PASS', 'FAIL']
  [290/525] 2119267978688770 (Kapiva) -> ['PASS', 'FAIL', 'NEEDS_EDIT']
  [291/525] 1802073677489010 (wellbeingnutrition) -> ['NEEDS_EDIT', 'FAIL', 'FAIL']
  [292/525] 1086417507097517 (wellbeingnutrition) -> ['NEEDS_EDIT', 'PASS', 'PASS']
  [293/525] 1054890360655225 (wellbeingnutrition) -> ['PASS', 'FAIL', 'PASS']
  [294/525] 1055213677316113 (Zandu) -> ['PASS', 'FAIL', 'PASS']
  [295/525] 2177029329547466 (Zandu) -> ['FAIL', 'PASS', 'FAIL']
  [296/525] 2372013516877139 (Zandu) -> ['FAIL', 'PASS', 'FAIL']
  [297/525] 1082819001007780 (Zandu) -> ['PASS', 'PASS', 'PASS']
  [298/525] 1391908116466243 (Zandu) -> ['FAIL', 'PASS', 'FAIL']
  [299/525] 1756494256480610 (Zandu) -> ['PASS', 'FAIL', 'PASS']
  [300/525] 2286604225492568 (Zandu) -> ['NEEDS_EDIT', 'FAIL', 'FAIL']
    -- flushed 20 to Supabase --
  [301/525] 1604824081101876 (Zandu) -> ['PASS', 'PASS', 'FAIL']
  [302/525] 1057673630579938 (Zandu) -> ['PASS', 'PASS', 'PASS']
  [303/525] 1888983205412961 (Zandu) -> ['PASS', 'FAIL', 'FAIL']
  [304/525] 1568710978368944 (Zandu) -> ['PASS', 'FAIL', 'PASS']
  [305/525] 1657851066133248 (Zandu) -> ['PASS', 'PASS', 'PASS']
  [306/525] 1125085359946579 (Zandu) -> ['PASS', 'PASS', 'PASS']
  [307/525] 1092555099969729 (Zandu) -> ['PASS', 'PASS', 'PASS']
  [308/525] 1386490550334606 (Zandu) -> ['FAIL', 'FAIL', 'PASS']
  [309/525] 1389080356727703 (Zandu) -> ['FAIL', 'FAIL', 'PASS']
  [310/525] 1053848850586964 (Zandu) -> ['FAIL', 'PASS', 'FAIL']
  [311/525] 1643418224064493 (Zandu) -> ['FAIL', 'PASS', 'PASS']
  [312/525] 1426223936021516 (Himalaya Wellness) -> ['NEEDS_EDIT', 'FAIL', 'FAIL']
  [313/525] 1382964147342532 (Organic India) -> ['FAIL', 'PASS', 'FAIL']
  [314/525] 1083836347939871 (Vahdam) -> ['PASS', 'FAIL', 'FAIL']
  [315/525] 4490819971186521 (Vahdam) -> ['FAIL', 'PASS', 'FAIL']
  [316/525] 1400364295526297 (Vahdam) -> ['PASS', 'PASS', 'PASS']
  [317/525] 1091786286766442 (Vahdam) -> ['FAIL', 'PASS', 'FAIL']
  [318/525] 1114083824377881 (Vahdam) -> ['NEEDS_EDIT', 'FAIL', 'PASS']
  [319/525] 1260582436193493 (Himalaya Wellness) -> ['NEEDS_EDIT', 'FAIL', 'FAIL']
  [320/525] 1156384090845645 (Himalaya Wellness) -> ['FAIL', 'PASS', 'FAIL']
    -- flushed 20 to Supabase --
  [321/525] 1105655505359326 (Himalaya Wellness) -> ['NEEDS_EDIT', 'FAIL', 'PASS']
  [322/525] 2325913261240985 (Wellness) -> ['PASS', 'PASS', 'PASS']
  [323/525] 1263094925773481 (Wellness) -> ['FAIL', 'FAIL', 'FAIL']
  [324/525] 1195821186065821 (Wellness) -> ['NEEDS_EDIT', 'FAIL', 'PASS']
  [325/525] 2067150544121197 (Wellness) -> ['PASS', 'PASS', 'PASS']
  [326/525] 927781246768751 (Wellness) -> ['FAIL', 'FAIL', 'PASS']
  [327/525] 1615967176288369 (Wellness) -> ['PASS', 'FAIL', 'PASS']
  [328/525] 1090215443351217 (Kapiva) -> ['PASS', 'PASS', 'FAIL']
  [329/525] 1293483369402467 (Kapiva) -> ['FAIL', 'FAIL', 'FAIL']
  [330/525] 793802583426723 (Wellness) -> ['FAIL', 'FAIL', 'FAIL']
  [331/525] 1519944782807550 (Wellness) -> ['PASS', 'FAIL', 'FAIL']
  [332/525] 1440119403803703 (Wellness) -> ['PASS', 'PASS', 'PASS']
  [333/525] 1432822404704560 (Wellness) -> ['FAIL', 'PASS', 'FAIL']
  [334/525] 1562093965025043 (Life) -> ['PASS', 'FAIL', 'FAIL']
  [335/525] 1486512186602343 (Wellness) -> ['FAIL', 'FAIL', 'FAIL']
  [336/525] 28127483296852202 (Ayurveda) -> ['PASS', 'FAIL', 'FAIL']
  [337/525] 802360767964765 (Ayurveda) -> ['NEEDS_EDIT', 'PASS', 'FAIL']
  [338/525] 1349578719685390 (Ayurveda) -> ['PASS', 'FAIL', 'FAIL']
  [339/525] 371935275398584 (Ayurveda) -> ['FAIL', 'PASS', 'FAIL']
  [340/525] 1463395008992110 (Ayurveda) -> ['PASS', 'FAIL', 'FAIL']
    -- flushed 20 to Supabase --
  [341/525] 9718518468233714 (Ayurveda) -> ['PASS', 'PASS', 'PASS']
  [342/525] 2324708778306011 (Himalaya Wellness) -> ['PASS', 'PASS', 'PASS']
  [343/525] 1529572649183001 (India) -> ['PASS', 'PASS', 'PASS']
  [344/525] 1567816741721882 (Organic) -> ['FAIL', 'FAIL', 'PASS']
  [345/525] 1083523957967982 (Life) -> ['PASS', 'FAIL', 'PASS']
  [346/525] 1052006634496730 (Life) -> ['PASS', 'PASS', 'PASS']
  [347/525] 1736782717653790 (Life) -> ['PASS', 'PASS', 'PASS']
  [348/525] 1792973071731282 (Life) -> ['PASS', 'FAIL', 'FAIL']
  [349/525] 1406548888345700 (Life) -> ['PASS', 'PASS', 'PASS']
  [350/525] 1512560797223560 (Kapiva) -> ['FAIL', 'FAIL', 'PASS']
  [351/525] 28918178114446209 (Life) -> ['PASS', 'PASS', 'PASS']
  [352/525] 1414037597458597 (Life) -> ['PASS', 'PASS', 'PASS']
  [353/525] 2288995545232575 (Life) -> ['PASS', 'PASS', 'PASS']
  [354/525] 1569107797432653 (Vahdam) -> ['PASS', 'FAIL', 'PASS']
  [355/525] 900380866143111 (Vahdam) -> ['PASS', 'PASS', 'PASS']
  [356/525] 1591222635795386 (Kapiva) -> ['PASS', 'FAIL', 'FAIL']
  [357/525] 1325743636082356 (Kapiva) -> ['PASS', 'PASS', 'PASS']
  [358/525] 2075089450554226 (Kapiva) -> ['FAIL', 'PASS', 'PASS']
  [359/525] 1388192569959933 (wellbeingnutrition) -> ['PASS', 'FAIL', 'PASS']
  [360/525] 1330286892636100 (Kapiva) -> ['NEEDS_EDIT', 'FAIL', 'FAIL']
    -- flushed 20 to Supabase --
  [361/525] 1604350107738962 (Kapiva) -> ['PASS', 'PASS', 'PASS']
  [362/525] 1772260690469790 (Kapiva) -> ['PASS', 'FAIL', 'PASS']
  [363/525] 1389921879984861 (Kapiva) -> ['FAIL', 'NEEDS_EDIT', 'PASS']
  [364/525] 1072459412000575 (Kapiva) -> ['PASS', 'FAIL', 'PASS']
  [365/525] 1022732207464379 (Himalaya Wellness) -> ['PASS', 'PASS', 'FAIL']
  [366/525] 1787776528920389 (Himalaya Wellness) -> ['PASS', 'PASS', 'FAIL']
  [367/525] 1821940232305451 (OZiva) -> ['PASS', 'PASS', 'FAIL']
  [368/525] 1515373939961480 (Kapiva) -> ['PASS', 'PASS', 'PASS']
  [369/525] 1629939642099902 (OZiva) -> ['FAIL', 'PASS', 'FAIL']
  [370/525] 1019141807850796 (OZiva) -> ['FAIL', 'PASS', 'PASS']
  [371/525] 1634224648327028 (OZiva) -> ['FAIL', 'FAIL', 'FAIL']
  [372/525] 1941388120568119 (OZiva) -> ['FAIL', 'FAIL', 'FAIL']
  [373/525] 1991799234833403 (OZiva) -> ['FAIL', 'PASS', 'FAIL']
  [374/525] 2262047727877912 (OZiva) -> ['PASS', 'PASS', 'PASS']
  [375/525] 3613633575444377 (Kapiva) -> ['PASS', 'PASS', 'FAIL']
  [376/525] 1107077271895557 (OZiva) -> ['FAIL', 'FAIL', 'PASS']
  [377/525] 1079799381408030 (OZiva) -> ['PASS', 'PASS', 'PASS']
  [378/525] 916454584343558 (OZiva) -> ['FAIL', 'FAIL', 'FAIL']
  [379/525] 1043700841630425 (OZiva) -> ['NEEDS_EDIT', 'PASS', 'PASS']
  [380/525] 1609855140773767 (OZiva) -> ['FAIL', 'FAIL', 'PASS']
    -- flushed 20 to Supabase --
  [381/525] 902893209208274 (Kapiva) -> ['PASS', 'FAIL', 'FAIL']
  [382/525] 1375514800878180 (wellbeingnutrition) -> ['PASS', 'PASS', 'PASS']
  [383/525] 2159680461570583 (wellbeingnutrition) -> ['PASS', 'FAIL', 'FAIL']
  [384/525] 2051997692075967 (wellbeingnutrition) -> ['FAIL', 'PASS', 'FAIL']
  [385/525] 1414499720640982 (wellbeingnutrition) -> ['PASS', 'PASS', 'PASS']
  [386/525] 1055811827262208 (wellbeingnutrition) -> ['PASS', 'PASS', 'FAIL']
  [387/525] 1038637428986467 (wellbeingnutrition) -> ['NEEDS_EDIT', 'PASS', 'FAIL']
  [388/525] 1419317526958863 (wellbeingnutrition) -> ['PASS', 'FAIL', 'FAIL']
  [389/525] 967222806408038 (wellbeingnutrition) -> ['NEEDS_EDIT', 'FAIL', 'FAIL']
  [390/525] 929806580187005 (wellbeingnutrition) -> ['PASS', 'FAIL', 'PASS']
  [391/525] 1308093234613574 (Zandu) -> ['NEEDS_EDIT', 'FAIL', 'FAIL']
  [392/525] 2115761075694901 (Zandu) -> ['PASS', 'FAIL', 'FAIL']
  [393/525] 2196237294266843 (Zandu) -> ['NEEDS_EDIT', 'FAIL', 'PASS']
  [394/525] 1607450547528469 (Wagh Bakri) -> ['PASS', 'FAIL', 'NEEDS_EDIT']
  [395/525] 2674994446271474 (Zandu) -> ['PASS', 'PASS', 'PASS']
  [396/525] 4913549928885088 (Wagh Bakri) -> ['PASS', 'FAIL', 'PASS']
  [397/525] 1726730665271568 (Wagh Bakri) -> ['PASS', 'PASS', 'FAIL']
  [398/525] 1291965002905432 (Himalaya Wellness) -> ['PASS', 'FAIL', 'PASS']
  [399/525] 1073881355569193 (Himalaya Wellness) -> ['NEEDS_EDIT', 'FAIL', 'FAIL']
  [400/525] 1567563724843478 (Himalaya Wellness) -> ['NEEDS_EDIT', 'FAIL', 'FAIL']
    -- flushed 20 to Supabase --
  [401/525] 2378096519661479 (Organic India) -> ['FAIL', 'FAIL', 'PASS']
  [402/525] 1834260291073240 (Vahdam) -> ['PASS', 'FAIL', 'FAIL']
  [403/525] 954783986917812 (Vahdam) -> ['PASS', 'PASS', 'PASS']
  [404/525] 1004281836000983 (Vahdam) -> ['PASS', 'FAIL', 'FAIL']
  [405/525] 4732997173597382 (Vahdam) -> ['PASS', 'FAIL', 'PASS']
  [406/525] 1854088468911277 (Vahdam) -> ['PASS', 'PASS', 'PASS']
  [407/525] 1565608022032183 (Vahdam) -> ['FAIL', 'FAIL', 'FAIL']
  [408/525] 1058173000531375 (Vahdam) -> ['FAIL', 'FAIL', 'FAIL']
  [409/525] 2002198180495932 (Vahdam) -> ['NEEDS_EDIT', 'FAIL', 'PASS']
  [410/525] 1790571065463573 (Vahdam) -> ['PASS', 'PASS', 'PASS']
  [411/525] 1062952519707085 (Vahdam) -> ['PASS', 'PASS', 'PASS']
  [412/525] 2021204831910261 (Vahdam) -> ['NEEDS_EDIT', 'FAIL', 'FAIL']
  [413/525] 1355028113045013 (Vahdam) -> ['NEEDS_EDIT', 'PASS', 'FAIL']
  [414/525] 1691531478603935 (Vahdam) -> ['NEEDS_EDIT', 'FAIL', 'FAIL']
  [415/525] 4473317982812533 (Vahdam) -> ['PASS', 'FAIL', 'PASS']
  [416/525] 1592456955675235 (Vahdam) -> ['PASS', 'FAIL', 'FAIL']
  [417/525] 2657942874639376 (Himalaya Wellness) -> ['PASS', 'PASS', 'PASS']
  [418/525] 909044168484995 (Kapiva) -> ['PASS', 'PASS', 'PASS']
  [419/525] 1765194641330472 (Blue Tea) -> ['PASS', 'PASS', 'FAIL']
  [420/525] 1780741652944585 (Kapiva) -> ['PASS', 'FAIL', 'FAIL']
    -- flushed 20 to Supabase --
  [421/525] 1445786644108072 (Kapiva) -> ['PASS', 'PASS', 'FAIL']
  [422/525] 1375065220753320 (Kapiva) -> ['FAIL', 'PASS', 'FAIL']
  [423/525] 2306312373439244 (Kapiva) -> ['FAIL', 'FAIL', 'FAIL']
  [424/525] 1072535441820665 (Kapiva) -> ['PASS', 'FAIL', 'FAIL']
  [425/525] 1688494305575621 (Himalaya Wellness) -> ['FAIL', 'FAIL', 'FAIL']
  [426/525] 1903822887259503 (Himalaya Wellness) -> ['FAIL', 'FAIL', 'FAIL']
  [427/525] 1111606855157085 (Himalaya Wellness) -> ['PASS', 'PASS', 'PASS']
  [428/525] 2458487061638489 (Himalaya Wellness) -> ['PASS', 'PASS', 'PASS']
  [429/525] 1882790509365149 (Blue Tea) -> ['PASS', 'FAIL', 'FAIL']
  [430/525] 1106733081872063 (Himalaya Wellness) -> ['PASS', 'PASS', 'PASS']
  [431/525] 2859100387804396 (Himalaya Wellness) -> ['NEEDS_EDIT', 'FAIL', 'FAIL']
  [432/525] 931940546078386 (Himalaya Wellness) -> ['NEEDS_EDIT', 'FAIL', 'NEEDS_EDIT']
  [433/525] 1734353737650117 (Himalaya Wellness) -> ['PASS', 'FAIL', 'PASS']
  [434/525] 1599923635045220 (Blue Tea) -> ['PASS', 'FAIL', 'FAIL']
  [435/525] 4452119195002584 (Himalaya Wellness) -> ['PASS', 'FAIL', 'FAIL']
  [436/525] 1384212797188639 (Himalaya Wellness) -> ['FAIL', 'FAIL', 'FAIL']
  [437/525] 1077821298167164 (Himalaya Wellness) -> ['PASS', 'PASS', 'PASS']
  [438/525] 1352438993319273 (Himalaya Wellness) -> ['FAIL', 'FAIL', 'PASS']
  [439/525] 1066662522951051 (Himalaya Wellness) -> ['PASS', 'FAIL', 'PASS']
  [440/525] 886576117505225 (Blue Tea) -> ['FAIL', 'FAIL', 'PASS']
    -- flushed 20 to Supabase --
  [441/525] 1809753486702603 (Himalaya Wellness) -> ['NEEDS_EDIT', 'PASS', 'PASS']
  [442/525] 2271451973698178 (Himalaya Wellness) -> ['NEEDS_EDIT', 'FAIL', 'NEEDS_EDIT']
  [443/525] 28285996421068676 (Himalaya Wellness) -> ['PASS', 'FAIL', 'FAIL']
  [444/525] 1678443497240285 (Himalaya Wellness) -> ['PASS', 'PASS', 'PASS']
  [445/525] 1569922581281046 (Himalaya Wellness) -> ['FAIL', 'FAIL', 'PASS']
  [446/525] 2066206463989676 (Himalaya Wellness) -> ['NEEDS_EDIT', 'FAIL', 'FAIL']
  [447/525] 2393084568101118 (Himalaya Wellness) -> ['NEEDS_EDIT', 'FAIL', 'NEEDS_EDIT']
  [448/525] 2274795430002192 (Himalaya Wellness) -> ['PASS', 'PASS', 'PASS']
  [449/525] 1434185972178609 (Himalaya Wellness) -> ['FAIL', 'FAIL', 'FAIL']
  [450/525] 2211140776123407 (Himalaya Wellness) -> ['FAIL', 'FAIL', 'FAIL']
  [451/525] 1360067339673074 (Himalaya Wellness) -> ['NEEDS_EDIT', 'FAIL', 'PASS']
  [452/525] 4585072075154062 (Organic India) -> ['PASS', 'PASS', 'PASS']
  [453/525] 2805906303125371 (Organic India) -> ['PASS', 'PASS', 'FAIL']
  [454/525] 1044639275101983 (Vahdam) -> ['FAIL', 'FAIL', 'FAIL']
  [455/525] 1127658492942696 (Vahdam) -> ['FAIL', 'FAIL', 'PASS']
  [456/525] 1670522198406550 (Vahdam) -> ['NEEDS_EDIT', 'FAIL', 'FAIL']
  [457/525] 2639845139777780 (Vahdam) -> ['FAIL', 'FAIL', 'PASS']
  [458/525] 1149680930746324 (Vahdam) -> ['PASS', 'FAIL', 'PASS']
  [459/525] 1061040696826321 (Vahdam) -> ['PASS', 'PASS', 'PASS']
  [460/525] 1595414018850930 (Girnar) -> ['PASS', 'FAIL', 'FAIL']
    -- flushed 20 to Supabase --
  [461/525] 2018183742163252 (Girnar) -> ['FAIL', 'FAIL', 'PASS']
  [462/525] 2193063641426883 (Vahdam) -> ['PASS', 'PASS', 'PASS']
  [463/525] 1222559400037226 (Vahdam) -> ['FAIL', 'FAIL', 'FAIL']
  [464/525] 2004245303579380 (Girnar) -> ['FAIL', 'FAIL', 'FAIL']
  [465/525] 2136161780645831 (Girnar) -> ['FAIL', 'PASS', 'PASS']
  [466/525] 2324923208316979 (Girnar) -> ['FAIL', 'FAIL', 'PASS']
  [467/525] 1628999612442597 (Girnar) -> ['PASS', 'PASS', 'PASS']
  [468/525] 1034013236169068 (Blue Tea) -> ['PASS', 'PASS', 'PASS']
  [469/525] 1066451636089921 (Blue Tea) -> ['FAIL', 'FAIL', 'PASS']
  [470/525] 1274877784676679 (Blue Tea) -> ['PASS', 'FAIL', 'FAIL']
  [471/525] 1048192118008491 (Blue Tea) -> ['FAIL', 'FAIL', 'FAIL']
  [472/525] 926409573859798 (Blue Tea) -> ['FAIL', 'FAIL', 'PASS']
  [473/525] 1445338354123865 (Blue Tea) -> ['PASS', 'FAIL', 'FAIL']
  [474/525] 1085302817406858 (Blue Tea) -> ['PASS', 'PASS', 'NEEDS_EDIT']
  [475/525] 1085312103871233 (Blue Tea) -> ['PASS', 'FAIL', 'PASS']
  [476/525] 959343493094849 (Blue Tea) -> ['FAIL', 'FAIL', 'FAIL']
  [477/525] 3111395685865652 (Blue Tea) -> ['NEEDS_EDIT', 'FAIL', 'FAIL']
  [478/525] 1077512001334237 (Blue Tea) -> ['FAIL', 'FAIL', 'FAIL']
  [479/525] 1470957031751458 (Blue Tea) -> ['PASS', 'PASS', 'PASS']
  [480/525] 1065019766511185 (Blue Tea) -> ['PASS', 'FAIL', 'FAIL']
    -- flushed 20 to Supabase --
  [481/525] 1619038033280901 (Vahdam) -> ['FAIL', 'FAIL', 'FAIL']
  [482/525] 1777350893690547 (Kapiva) -> ['FAIL', 'PASS', 'PASS']
  [483/525] 1051787987610871 (Vahdam) -> ['PASS', 'FAIL', 'FAIL']
  [484/525] 1037340519122392 (Vahdam) -> ['FAIL', 'FAIL', 'PASS']
  [485/525] 1050645700902093 (Vahdam) -> ['PASS', 'FAIL', 'PASS']
  [486/525] 1740632933908305 (Vahdam) -> ['NEEDS_EDIT', 'FAIL', 'FAIL']
  [487/525] 1919394792061755 (Vahdam) -> ['PASS', 'FAIL', 'FAIL']
  [488/525] 2848245242235250 (Vahdam) -> ['PASS', 'FAIL', 'PASS']
  [489/525] 2481736422347424 (OZiva) -> ['PASS', 'FAIL', 'FAIL']
  [490/525] 1086850364095459 (OZiva) -> ['PASS', 'PASS', 'PASS']
  [491/525] 4520681284743450 (OZiva) -> ['PASS', 'FAIL', 'FAIL']
  [492/525] 1383151869945974 (OZiva) -> ['PASS', 'FAIL', 'FAIL']
  [493/525] 964456136680954 (OZiva) -> ['FAIL', 'FAIL', 'PASS']
  [494/525] 2183374362226872 (OZiva) -> ['PASS', 'PASS', 'PASS']
  [495/525] 1547934619950961 (OZiva) -> ['PASS', 'FAIL', 'FAIL']
  [496/525] 1786416109165606 (wellbeingnutrition) -> ['FAIL', 'PASS', 'PASS']
  [497/525] 1528051655756943 (wellbeingnutrition) -> ['PASS', 'PASS', 'PASS']
  [498/525] 4380639415533659 (Kapiva) -> ['FAIL', 'FAIL', 'FAIL']
  [499/525] 37911585115152498 (Kapiva) -> ['PASS', 'FAIL', 'PASS']
  [500/525] 1826847468687422 (Kapiva) -> ['PASS', 'FAIL', 'FAIL']
    -- flushed 20 to Supabase --
  [501/525] 1795413528135621 (Kapiva) -> ['PASS', 'FAIL', 'PASS']
  [502/525] 932799189324411 (Kapiva) -> ['PASS', 'PASS', 'PASS']
  [503/525] 1013854621695644 (Kapiva) -> ['PASS', 'PASS', 'PASS']
  [504/525] 990753374033079 (Kapiva) -> ['PASS', 'FAIL', 'FAIL']
  [505/525] 892356217071338 (Kapiva) -> ['PASS', 'FAIL', 'FAIL']
  [506/525] 1006064975780697 (Kapiva) -> ['PASS', 'PASS', 'PASS']
  [507/525] 1433359112033703 (Kapiva) -> ['PASS', 'FAIL', 'FAIL']
  [508/525] 1048507827894556 (Kapiva) -> ['PASS', 'FAIL', 'FAIL']
  [509/525] 2418973101969414 (Kapiva) -> ['PASS', 'FAIL', 'PASS']
  [510/525] 1266713423202595 (Kapiva) -> ['PASS', 'FAIL', 'FAIL']
  [511/525] 1367123458939713 (Kapiva) -> ['PASS', 'PASS', 'PASS']
  [512/525] 28438604599110245 (Kapiva) -> ['FAIL', 'PASS', 'PASS']
  [513/525] 1076699362001562 (Kapiva) -> ['PASS', 'FAIL', 'FAIL']
  [514/525] 1254405593489767 (Kapiva) -> ['PASS', 'PASS', 'FAIL']
  [515/525] 1343001081343694 (Kapiva) -> ['FAIL', 'PASS', 'FAIL']
  [516/525] 1590553525777646 (Kapiva) -> ['NEEDS_EDIT', 'FAIL', 'FAIL']
  [517/525] 2174897743309961 (Kapiva) -> ['PASS', 'PASS', 'FAIL']
  [518/525] 1528673289296167 (Kapiva) -> ['PASS', 'FAIL', 'FAIL']
  [519/525] 1718887672563531 (Kapiva) -> ['FAIL', 'FAIL', 'FAIL']
  [520/525] 1103144198891001 (Kapiva) -> ['PASS', 'PASS', 'FAIL']
    -- flushed 20 to Supabase --
  [521/525] 1463010142510578 (Kapiva) -> ['PASS', 'PASS', 'PASS']
  [522/525] 1264814852113465 (Kapiva) -> ['FAIL', 'FAIL', 'FAIL']
  [523/525] 4760636954167143 (Kapiva) -> ['PASS', 'PASS', 'PASS']
  [524/525] 1029411036645387 (Kapiva) -> ['FAIL', 'FAIL', 'FAIL']
  [525/525] 1037684469161173 (Kapiva) -> ['PASS', 'FAIL', 'FAIL']
done: 525 ok, 0 failed
